Restarting import at 11/29/18